<html>
<body>
<pre>
<h1>µVision Build Log</h1>
<h2>Tool Versions:</h2>
IDE-Version: µVision V5.26.2.0
Copyright (C) 2018 ARM Ltd and ARM Germany GmbH. All rights reserved.
License Information: Numlabyod nearraenn, Thammasat University, LIC=----
 
Tool Versions:
Toolchain:       MDK-Lite  Version: 5.26.2.0
Toolchain Path:  C:\Keil_v5\ARM\ARMCC\Bin
C Compiler:      Armcc.exe V5.06 update 6 (build 750)
Assembler:       Armasm.exe V5.06 update 6 (build 750)
Linker/Locator:  ArmLink.exe V5.06 update 6 (build 750)
Library Manager: ArmAr.exe V5.06 update 6 (build 750)
Hex Converter:   FromElf.exe V5.06 update 6 (build 750)
CPU DLL:         SARMCM3.DLL V5.26.2.0
Dialog DLL:      DCM.DLL V1.17.2.0
Target DLL:      STLink\ST-LINKIII-KEIL_SWO.dll V3.0.5.0
Dialog DLL:      TCM.DLL V1.36.1.0
 
<h2>Project:</h2>
C:\Users\nearraenn\Desktop\le484project\LE484-project\ServoController\MDK-ARM\ServoControllerTest.uvprojx
Project File Date:  04/07/2019

<h2>Output:</h2>
*** Using Compiler 'V5.06 update 6 (build 750)', folder: 'C:\Keil_v5\ARM\ARMCC\Bin'
Build target 'ServoControllerTest'
assembling startup_stm32f407xx.s...
compiling stm32f4xx_hal_msp.c...
compiling stm32f4xx_it.c...
compiling main.c...
../Inc/bsp.h(14): warning:  #1295-D: Deprecated declaration Enable1 - give arg types
  int Enable1();
../Inc/bsp.h(15): warning:  #1295-D: Deprecated declaration Enable2 - give arg types
  int Enable2();
../Inc/bsp.h(16): warning:  #1295-D: Deprecated declaration PDM - give arg types
  void PDM();
../Inc/bsp.h(17): warning:  #1295-D: Deprecated declaration CPW - give arg types
  void CPW();
../Inc/bsp.h(18): warning:  #1295-D: Deprecated declaration GV - give arg types
  void GV();
../Inc/bsp.h(19): warning:  #1295-D: Deprecated declaration RV - give arg types
  void RV();
../Inc/bsp.h(26): warning:  #1-D: last line of file ends without a newline
  #endif /* __BSP_H */
../Src/main.c(147): warning:  #167-D: argument of type "char *" is incompatible with parameter of type "uint8_t *"
  		HAL_UART_Transmit_IT(&huart3, txt1, strlen(txt1));
../Src/main.c(149): warning:  #167-D: argument of type "char *" is incompatible with parameter of type "uint8_t *"
  		HAL_UART_Receive_IT(&huart3, Buffer, strlen(txt1));	
../Src/main.c(157): warning:  #167-D: argument of type "char *" is incompatible with parameter of type "uint8_t *"
  			HAL_UART_Receive_IT(&huart3, Buffer, strlen(txt1));		
../Src/main.c(173): warning:  #177-D: variable "period"  was declared but never referenced
  uint16_t period = 0;
../Src/main.c: 11 warnings, 0 errors
compiling stm32f4xx_hal_dac.c...
compiling stm32f4xx_hal_adc_ex.c...
compiling stm32f4xx_hal_adc.c...
compiling stm32f4xx_hal_dac_ex.c...
compiling stm32f4xx_hal_tim_ex.c...
compiling stm32f4xx_hal_tim.c...
compiling stm32f4xx_hal_uart.c...
compiling stm32f4xx_hal_rcc_ex.c...
compiling stm32f4xx_hal_rcc.c...
compiling stm32f4xx_hal_flash_ramfunc.c...
compiling stm32f4xx_hal_flash.c...
compiling stm32f4xx_hal_flash_ex.c...
compiling stm32f4xx_hal_gpio.c...
compiling stm32f4xx_hal_dma_ex.c...
compiling stm32f4xx_hal_dma.c...
compiling stm32f4xx_hal_pwr_ex.c...
compiling stm32f4xx_hal_pwr.c...
compiling stm32f4xx_hal_cortex.c...
compiling system_stm32f4xx.c...
compiling stm32f4xx_hal.c...
compiling stm32f4xx_hal_exti.c...
linking...
Program Size: Code=10684 RO-data=448 RW-data=56 ZI-data=1328  
FromELF: creating hex file...
"ServoControllerTest\ServoControllerTest.axf" - 0 Error(s), 11 Warning(s).

<h2>Software Packages used:</h2>

Package Vendor: ARM
                http://www.keil.com/pack/ARM.CMSIS.5.4.0.pack
                ARM.CMSIS.5.4.0
                CMSIS (Cortex Microcontroller Software Interface Standard)
   * Component: CORE Version: 5.1.2

Package Vendor: Keil
                http://www.keil.com/pack/Keil.STM32F4xx_DFP.2.13.0.pack
                Keil.STM32F4xx_DFP.2.13.0
                STMicroelectronics STM32F4 Series Device Support, Drivers and Examples

<h2>Collection of Component include folders:</h2>
  .\RTE\_ServoControllerTest
  C:\Keil_v5\ARM\PACK\ARM\CMSIS\5.4.0\CMSIS\Core\Include
  C:\Keil_v5\ARM\PACK\Keil\STM32F4xx_DFP\2.13.0\Drivers\CMSIS\Device\ST\STM32F4xx\Include

<h2>Collection of Component Files used:</h2>

   * Component: ARM::CMSIS:CORE:5.1.2
Build Time Elapsed:  00:00:53
</pre>
</body>
</html>
